stm32f3xx_ll_tim.h:3971:22:LL_TIM_ClearFlag_UPDATE	16	static
stm32f3xx_ll_tim.h:3982:26:LL_TIM_IsActiveFlag_UPDATE	16	static
stm32f3xx_ll_gpio.h:895:22:LL_GPIO_SetOutputPin	16	static
stm32f3xx_ll_gpio.h:924:22:LL_GPIO_ResetOutputPin	16	static
display.c:17:6:resetSegments	8	static
display.c:30:6:setSegments	8	static
display.c:43:6:resetDigits	8	static
display.c:53:6:setDigits	8	static
display.c:62:6:setDecimalPoint	8	static
display.c:68:6:set_1	8	static
display.c:75:6:set_2	8	static
display.c:85:6:set_3	8	static
display.c:95:6:set_4	8	static
display.c:104:6:set_5	8	static
display.c:114:6:set_6	8	static
display.c:125:6:set_7	8	static
display.c:133:6:set_8	8	static
display.c:145:6:set_9	8	static
display.c:155:6:set_0	8	static
display.c:166:6:set_A	8	static
display.c:177:6:set_a	8	static
display.c:189:6:set_b	8	static
display.c:200:6:set_C	8	static
display.c:211:6:set_c	8	static
display.c:221:6:set_d	8	static
display.c:232:6:set_E	8	static
display.c:242:6:set_F	8	static
display.c:252:6:set_G	8	static
display.c:262:6:set_H	8	static
display.c:273:6:set_h	8	static
display.c:283:6:set_I	8	static
display.c:292:6:set_J	8	static
display.c:303:6:set_K	8	static
display.c:314:6:set_L	8	static
display.c:325:6:set_M	8	static
display.c:337:6:set_n	8	static
display.c:347:6:set_O	8	static
display.c:359:6:set_o	8	static
display.c:369:6:set_P	8	static
display.c:380:6:set_q	8	static
display.c:391:6:set_r	8	static
display.c:400:6:set_S	8	static
display.c:411:6:set_t	8	static
display.c:422:6:set_U	8	static
display.c:435:6:set_u	8	static
display.c:446:6:set_V	8	static
display.c:459:6:set_W	8	static
display.c:472:6:set_X	8	static
display.c:481:6:set_y	8	static
display.c:492:6:set_Z	8	static
display.c:510:6:displayChar	24	static
display.c:553:6:decode	16	static
display.c:710:6:TIM3_IRQHandler	8	static
